error: failed to check cache: 'test_json.zig' file_hash FileNotFound
